// Jest Snapshot v1, https://goo.gl/fbAQLP

exports[`<ProductSearch /> rendering should render without problems 1`] = `
<ProductSearch>
  <ClickAwayListener
    onClickAway={[Function]}
  >
    <Styled(MuiBox)
      className="makeStyles-root-1"
      onClick={[Function]}
      onTouchEnd={[Function]}
    >
      <div
        className="MuiBox-root MuiBox-root-7 makeStyles-root-1"
        onClick={[Function]}
        onTouchEnd={[Function]}
      >
        <div
          className="makeStyles-search-2"
        >
          <div
            className="makeStyles-searchIcon-3"
          >
            <ForwardRef>
              <WithStyles(ForwardRef(SvgIcon))>
                <ForwardRef(SvgIcon)
                  classes={
                    Object {
                      "colorAction": "MuiSvgIcon-colorAction",
                      "colorDisabled": "MuiSvgIcon-colorDisabled",
                      "colorError": "MuiSvgIcon-colorError",
                      "colorPrimary": "MuiSvgIcon-colorPrimary",
                      "colorSecondary": "MuiSvgIcon-colorSecondary",
                      "fontSizeInherit": "MuiSvgIcon-fontSizeInherit",
                      "fontSizeLarge": "MuiSvgIcon-fontSizeLarge",
                      "fontSizeSmall": "MuiSvgIcon-fontSizeSmall",
                      "root": "MuiSvgIcon-root",
                    }
                  }
                >
                  <svg
                    aria-hidden={true}
                    className="MuiSvgIcon-root"
                    focusable="false"
                    viewBox="0 0 24 24"
                  >
                    <path
                      d="M15.5 14h-.79l-.28-.27C15.41 12.59 16 11.11 16 9.5 16 5.91 13.09 3 9.5 3S3 5.91 3 9.5 5.91 16 9.5 16c1.61 0 3.09-.59 4.23-1.57l.27.28v.79l5 4.99L20.49 19l-4.99-5zm-6 0C7.01 14 5 11.99 5 9.5S7.01 5 9.5 5 14 7.01 14 9.5 11.99 14 9.5 14z"
                    />
                  </svg>
                </ForwardRef(SvgIcon)>
              </WithStyles(ForwardRef(SvgIcon))>
            </ForwardRef>
          </div>
          <WithStyles(ForwardRef(InputBase))
            classes={
              Object {
                "input": "makeStyles-inputInput-5",
                "root": "makeStyles-inputRoot-4",
              }
            }
            inputProps={
              Object {
                "aria-label": "search",
              }
            }
            onChange={[Function]}
            onClick={[Function]}
            placeholder="Search..."
            value=""
          >
            <ForwardRef(InputBase)
              classes={
                Object {
                  "adornedEnd": "MuiInputBase-adornedEnd",
                  "adornedStart": "MuiInputBase-adornedStart",
                  "colorSecondary": "MuiInputBase-colorSecondary",
                  "disabled": "Mui-disabled",
                  "error": "Mui-error",
                  "focused": "Mui-focused",
                  "formControl": "MuiInputBase-formControl",
                  "fullWidth": "MuiInputBase-fullWidth",
                  "input": "MuiInputBase-input makeStyles-inputInput-5",
                  "inputAdornedEnd": "MuiInputBase-inputAdornedEnd",
                  "inputAdornedStart": "MuiInputBase-inputAdornedStart",
                  "inputHiddenLabel": "MuiInputBase-inputHiddenLabel",
                  "inputMarginDense": "MuiInputBase-inputMarginDense",
                  "inputMultiline": "MuiInputBase-inputMultiline",
                  "inputTypeSearch": "MuiInputBase-inputTypeSearch",
                  "marginDense": "MuiInputBase-marginDense",
                  "multiline": "MuiInputBase-multiline",
                  "root": "MuiInputBase-root makeStyles-inputRoot-4",
                }
              }
              inputProps={
                Object {
                  "aria-label": "search",
                }
              }
              onChange={[Function]}
              onClick={[Function]}
              placeholder="Search..."
              value=""
            >
              <div
                className="MuiInputBase-root makeStyles-inputRoot-4"
                onClick={[Function]}
              >
                <input
                  aria-label="search"
                  className="MuiInputBase-input makeStyles-inputInput-5"
                  onAnimationStart={[Function]}
                  onBlur={[Function]}
                  onChange={[Function]}
                  onFocus={[Function]}
                  placeholder="Search..."
                  type="text"
                  value=""
                />
              </div>
            </ForwardRef(InputBase)>
          </WithStyles(ForwardRef(InputBase))>
        </div>
      </div>
    </Styled(MuiBox)>
  </ClickAwayListener>
</ProductSearch>
`;
