// Jest Snapshot v1, https://goo.gl/fbAQLP

exports[`<RecentViewed /> rendering should render without problems 1`] = `
<RecentViewed
  recentProducts={
    Array [
      Object {
        "cod": "JUMPERS002",
        "description": "If you wanna look chill, you need ultra chill jumpers",
        "images": Array [
          "/photo-of-woman-standing-on-staircase-3120339.jpg",
        ],
        "name": "Ultra chill jumpers",
        "price": 80,
        "stock": 6,
        "url": "ultra-chill-jumpers",
      },
      Object {
        "cod": "HANDBAG001",
        "description": "This handbag is as elegant as it is heavy",
        "images": Array [
          "/woman-wearing-pink-overcoat-and-black-inner-top-2043590.jpg",
        ],
        "name": "Elegant handbag",
        "price": 1000,
        "stock": 32,
        "url": "elegant-handbag",
      },
    ]
  }
>
  <WithStyles(ForwardRef(Grid))
    item={true}
    key="ultra-chill-jumpers"
    xs={3}
  >
    <ForwardRef(Grid)
      classes={
        Object {
          "align-content-xs-center": "MuiGrid-align-content-xs-center",
          "align-content-xs-flex-end": "MuiGrid-align-content-xs-flex-end",
          "align-content-xs-flex-start": "MuiGrid-align-content-xs-flex-start",
          "align-content-xs-space-around": "MuiGrid-align-content-xs-space-around",
          "align-content-xs-space-between": "MuiGrid-align-content-xs-space-between",
          "align-items-xs-baseline": "MuiGrid-align-items-xs-baseline",
          "align-items-xs-center": "MuiGrid-align-items-xs-center",
          "align-items-xs-flex-end": "MuiGrid-align-items-xs-flex-end",
          "align-items-xs-flex-start": "MuiGrid-align-items-xs-flex-start",
          "container": "MuiGrid-container",
          "direction-xs-column": "MuiGrid-direction-xs-column",
          "direction-xs-column-reverse": "MuiGrid-direction-xs-column-reverse",
          "direction-xs-row-reverse": "MuiGrid-direction-xs-row-reverse",
          "grid-lg-1": "MuiGrid-grid-lg-1",
          "grid-lg-10": "MuiGrid-grid-lg-10",
          "grid-lg-11": "MuiGrid-grid-lg-11",
          "grid-lg-12": "MuiGrid-grid-lg-12",
          "grid-lg-2": "MuiGrid-grid-lg-2",
          "grid-lg-3": "MuiGrid-grid-lg-3",
          "grid-lg-4": "MuiGrid-grid-lg-4",
          "grid-lg-5": "MuiGrid-grid-lg-5",
          "grid-lg-6": "MuiGrid-grid-lg-6",
          "grid-lg-7": "MuiGrid-grid-lg-7",
          "grid-lg-8": "MuiGrid-grid-lg-8",
          "grid-lg-9": "MuiGrid-grid-lg-9",
          "grid-lg-auto": "MuiGrid-grid-lg-auto",
          "grid-lg-true": "MuiGrid-grid-lg-true",
          "grid-md-1": "MuiGrid-grid-md-1",
          "grid-md-10": "MuiGrid-grid-md-10",
          "grid-md-11": "MuiGrid-grid-md-11",
          "grid-md-12": "MuiGrid-grid-md-12",
          "grid-md-2": "MuiGrid-grid-md-2",
          "grid-md-3": "MuiGrid-grid-md-3",
          "grid-md-4": "MuiGrid-grid-md-4",
          "grid-md-5": "MuiGrid-grid-md-5",
          "grid-md-6": "MuiGrid-grid-md-6",
          "grid-md-7": "MuiGrid-grid-md-7",
          "grid-md-8": "MuiGrid-grid-md-8",
          "grid-md-9": "MuiGrid-grid-md-9",
          "grid-md-auto": "MuiGrid-grid-md-auto",
          "grid-md-true": "MuiGrid-grid-md-true",
          "grid-sm-1": "MuiGrid-grid-sm-1",
          "grid-sm-10": "MuiGrid-grid-sm-10",
          "grid-sm-11": "MuiGrid-grid-sm-11",
          "grid-sm-12": "MuiGrid-grid-sm-12",
          "grid-sm-2": "MuiGrid-grid-sm-2",
          "grid-sm-3": "MuiGrid-grid-sm-3",
          "grid-sm-4": "MuiGrid-grid-sm-4",
          "grid-sm-5": "MuiGrid-grid-sm-5",
          "grid-sm-6": "MuiGrid-grid-sm-6",
          "grid-sm-7": "MuiGrid-grid-sm-7",
          "grid-sm-8": "MuiGrid-grid-sm-8",
          "grid-sm-9": "MuiGrid-grid-sm-9",
          "grid-sm-auto": "MuiGrid-grid-sm-auto",
          "grid-sm-true": "MuiGrid-grid-sm-true",
          "grid-xl-1": "MuiGrid-grid-xl-1",
          "grid-xl-10": "MuiGrid-grid-xl-10",
          "grid-xl-11": "MuiGrid-grid-xl-11",
          "grid-xl-12": "MuiGrid-grid-xl-12",
          "grid-xl-2": "MuiGrid-grid-xl-2",
          "grid-xl-3": "MuiGrid-grid-xl-3",
          "grid-xl-4": "MuiGrid-grid-xl-4",
          "grid-xl-5": "MuiGrid-grid-xl-5",
          "grid-xl-6": "MuiGrid-grid-xl-6",
          "grid-xl-7": "MuiGrid-grid-xl-7",
          "grid-xl-8": "MuiGrid-grid-xl-8",
          "grid-xl-9": "MuiGrid-grid-xl-9",
          "grid-xl-auto": "MuiGrid-grid-xl-auto",
          "grid-xl-true": "MuiGrid-grid-xl-true",
          "grid-xs-1": "MuiGrid-grid-xs-1",
          "grid-xs-10": "MuiGrid-grid-xs-10",
          "grid-xs-11": "MuiGrid-grid-xs-11",
          "grid-xs-12": "MuiGrid-grid-xs-12",
          "grid-xs-2": "MuiGrid-grid-xs-2",
          "grid-xs-3": "MuiGrid-grid-xs-3",
          "grid-xs-4": "MuiGrid-grid-xs-4",
          "grid-xs-5": "MuiGrid-grid-xs-5",
          "grid-xs-6": "MuiGrid-grid-xs-6",
          "grid-xs-7": "MuiGrid-grid-xs-7",
          "grid-xs-8": "MuiGrid-grid-xs-8",
          "grid-xs-9": "MuiGrid-grid-xs-9",
          "grid-xs-auto": "MuiGrid-grid-xs-auto",
          "grid-xs-true": "MuiGrid-grid-xs-true",
          "item": "MuiGrid-item",
          "justify-xs-center": "MuiGrid-justify-xs-center",
          "justify-xs-flex-end": "MuiGrid-justify-xs-flex-end",
          "justify-xs-space-around": "MuiGrid-justify-xs-space-around",
          "justify-xs-space-between": "MuiGrid-justify-xs-space-between",
          "justify-xs-space-evenly": "MuiGrid-justify-xs-space-evenly",
          "root": "MuiGrid-root",
          "spacing-xs-1": "MuiGrid-spacing-xs-1",
          "spacing-xs-10": "MuiGrid-spacing-xs-10",
          "spacing-xs-2": "MuiGrid-spacing-xs-2",
          "spacing-xs-3": "MuiGrid-spacing-xs-3",
          "spacing-xs-4": "MuiGrid-spacing-xs-4",
          "spacing-xs-5": "MuiGrid-spacing-xs-5",
          "spacing-xs-6": "MuiGrid-spacing-xs-6",
          "spacing-xs-7": "MuiGrid-spacing-xs-7",
          "spacing-xs-8": "MuiGrid-spacing-xs-8",
          "spacing-xs-9": "MuiGrid-spacing-xs-9",
          "wrap-xs-nowrap": "MuiGrid-wrap-xs-nowrap",
          "wrap-xs-wrap-reverse": "MuiGrid-wrap-xs-wrap-reverse",
          "zeroMinWidth": "MuiGrid-zeroMinWidth",
        }
      }
      item={true}
      xs={3}
    >
      <div
        className="MuiGrid-root MuiGrid-item MuiGrid-grid-xs-3"
      >
        <Link
          href="products/ultra-chill-jumpers"
        >
          <WithStyles(ForwardRef(Card))
            onClick={[Function]}
            onMouseEnter={[Function]}
          >
            <ForwardRef(Card)
              classes={
                Object {
                  "root": "MuiCard-root",
                }
              }
              onClick={[Function]}
              onMouseEnter={[Function]}
            >
              <WithStyles(ForwardRef(Paper))
                className="MuiCard-root"
                elevation={1}
                onClick={[Function]}
                onMouseEnter={[Function]}
              >
                <ForwardRef(Paper)
                  className="MuiCard-root"
                  classes={
                    Object {
                      "elevation0": "MuiPaper-elevation0",
                      "elevation1": "MuiPaper-elevation1",
                      "elevation10": "MuiPaper-elevation10",
                      "elevation11": "MuiPaper-elevation11",
                      "elevation12": "MuiPaper-elevation12",
                      "elevation13": "MuiPaper-elevation13",
                      "elevation14": "MuiPaper-elevation14",
                      "elevation15": "MuiPaper-elevation15",
                      "elevation16": "MuiPaper-elevation16",
                      "elevation17": "MuiPaper-elevation17",
                      "elevation18": "MuiPaper-elevation18",
                      "elevation19": "MuiPaper-elevation19",
                      "elevation2": "MuiPaper-elevation2",
                      "elevation20": "MuiPaper-elevation20",
                      "elevation21": "MuiPaper-elevation21",
                      "elevation22": "MuiPaper-elevation22",
                      "elevation23": "MuiPaper-elevation23",
                      "elevation24": "MuiPaper-elevation24",
                      "elevation3": "MuiPaper-elevation3",
                      "elevation4": "MuiPaper-elevation4",
                      "elevation5": "MuiPaper-elevation5",
                      "elevation6": "MuiPaper-elevation6",
                      "elevation7": "MuiPaper-elevation7",
                      "elevation8": "MuiPaper-elevation8",
                      "elevation9": "MuiPaper-elevation9",
                      "outlined": "MuiPaper-outlined",
                      "root": "MuiPaper-root",
                      "rounded": "MuiPaper-rounded",
                    }
                  }
                  elevation={1}
                  onClick={[Function]}
                  onMouseEnter={[Function]}
                >
                  <div
                    className="MuiPaper-root MuiCard-root MuiPaper-elevation1 MuiPaper-rounded"
                    onClick={[Function]}
                    onMouseEnter={[Function]}
                  >
                    <WithStyles(ForwardRef(CardActionArea))>
                      <ForwardRef(CardActionArea)
                        classes={
                          Object {
                            "focusHighlight": "MuiCardActionArea-focusHighlight",
                            "focusVisible": "Mui-focusVisible",
                            "root": "MuiCardActionArea-root",
                          }
                        }
                      >
                        <WithStyles(ForwardRef(ButtonBase))
                          className="MuiCardActionArea-root"
                          focusVisibleClassName="Mui-focusVisible"
                        >
                          <ForwardRef(ButtonBase)
                            className="MuiCardActionArea-root"
                            classes={
                              Object {
                                "disabled": "Mui-disabled",
                                "focusVisible": "Mui-focusVisible",
                                "root": "MuiButtonBase-root",
                              }
                            }
                            focusVisibleClassName="Mui-focusVisible"
                          >
                            <button
                              className="MuiButtonBase-root MuiCardActionArea-root"
                              disabled={false}
                              onBlur={[Function]}
                              onDragLeave={[Function]}
                              onFocus={[Function]}
                              onKeyDown={[Function]}
                              onKeyUp={[Function]}
                              onMouseDown={[Function]}
                              onMouseLeave={[Function]}
                              onMouseUp={[Function]}
                              onTouchEnd={[Function]}
                              onTouchMove={[Function]}
                              onTouchStart={[Function]}
                              tabIndex={0}
                              type="button"
                            >
                              <WithStyles(ForwardRef(CardMedia))
                                alt="Ultra chill jumpers"
                                component="img"
                                image="/photo-of-woman-standing-on-staircase-3120339.jpg"
                                title="Ultra chill jumpers"
                              >
                                <ForwardRef(CardMedia)
                                  alt="Ultra chill jumpers"
                                  classes={
                                    Object {
                                      "img": "MuiCardMedia-img",
                                      "media": "MuiCardMedia-media",
                                      "root": "MuiCardMedia-root",
                                    }
                                  }
                                  component="img"
                                  image="/photo-of-woman-standing-on-staircase-3120339.jpg"
                                  title="Ultra chill jumpers"
                                >
                                  <img
                                    alt="Ultra chill jumpers"
                                    className="MuiCardMedia-root MuiCardMedia-media MuiCardMedia-img"
                                    src="/photo-of-woman-standing-on-staircase-3120339.jpg"
                                    title="Ultra chill jumpers"
                                  />
                                </ForwardRef(CardMedia)>
                              </WithStyles(ForwardRef(CardMedia))>
                              <WithStyles(ForwardRef(CardContent))>
                                <ForwardRef(CardContent)
                                  classes={
                                    Object {
                                      "root": "MuiCardContent-root",
                                    }
                                  }
                                >
                                  <div
                                    className="MuiCardContent-root"
                                  >
                                    <WithStyles(ForwardRef(Typography))
                                      component="h2"
                                      gutterBottom={true}
                                      variant="h5"
                                    >
                                      <ForwardRef(Typography)
                                        classes={
                                          Object {
                                            "alignCenter": "MuiTypography-alignCenter",
                                            "alignJustify": "MuiTypography-alignJustify",
                                            "alignLeft": "MuiTypography-alignLeft",
                                            "alignRight": "MuiTypography-alignRight",
                                            "body1": "MuiTypography-body1",
                                            "body2": "MuiTypography-body2",
                                            "button": "MuiTypography-button",
                                            "caption": "MuiTypography-caption",
                                            "colorError": "MuiTypography-colorError",
                                            "colorInherit": "MuiTypography-colorInherit",
                                            "colorPrimary": "MuiTypography-colorPrimary",
                                            "colorSecondary": "MuiTypography-colorSecondary",
                                            "colorTextPrimary": "MuiTypography-colorTextPrimary",
                                            "colorTextSecondary": "MuiTypography-colorTextSecondary",
                                            "displayBlock": "MuiTypography-displayBlock",
                                            "displayInline": "MuiTypography-displayInline",
                                            "gutterBottom": "MuiTypography-gutterBottom",
                                            "h1": "MuiTypography-h1",
                                            "h2": "MuiTypography-h2",
                                            "h3": "MuiTypography-h3",
                                            "h4": "MuiTypography-h4",
                                            "h5": "MuiTypography-h5",
                                            "h6": "MuiTypography-h6",
                                            "noWrap": "MuiTypography-noWrap",
                                            "overline": "MuiTypography-overline",
                                            "paragraph": "MuiTypography-paragraph",
                                            "root": "MuiTypography-root",
                                            "srOnly": "MuiTypography-srOnly",
                                            "subtitle1": "MuiTypography-subtitle1",
                                            "subtitle2": "MuiTypography-subtitle2",
                                          }
                                        }
                                        component="h2"
                                        gutterBottom={true}
                                        variant="h5"
                                      >
                                        <h2
                                          className="MuiTypography-root MuiTypography-h5 MuiTypography-gutterBottom"
                                        >
                                          Ultra chill jumpers
                                        </h2>
                                      </ForwardRef(Typography)>
                                    </WithStyles(ForwardRef(Typography))>
                                  </div>
                                </ForwardRef(CardContent)>
                              </WithStyles(ForwardRef(CardContent))>
                              <span
                                className="MuiCardActionArea-focusHighlight"
                              />
                              <WithStyles(memo)
                                center={false}
                              >
                                <ForwardRef(TouchRipple)
                                  center={false}
                                  classes={
                                    Object {
                                      "child": "MuiTouchRipple-child",
                                      "childLeaving": "MuiTouchRipple-childLeaving",
                                      "childPulsate": "MuiTouchRipple-childPulsate",
                                      "ripple": "MuiTouchRipple-ripple",
                                      "ripplePulsate": "MuiTouchRipple-ripplePulsate",
                                      "rippleVisible": "MuiTouchRipple-rippleVisible",
                                      "root": "MuiTouchRipple-root",
                                    }
                                  }
                                >
                                  <span
                                    className="MuiTouchRipple-root"
                                  >
                                    <TransitionGroup
                                      childFactory={[Function]}
                                      component={null}
                                      exit={true}
                                    />
                                  </span>
                                </ForwardRef(TouchRipple)>
                              </WithStyles(memo)>
                            </button>
                          </ForwardRef(ButtonBase)>
                        </WithStyles(ForwardRef(ButtonBase))>
                      </ForwardRef(CardActionArea)>
                    </WithStyles(ForwardRef(CardActionArea))>
                  </div>
                </ForwardRef(Paper)>
              </WithStyles(ForwardRef(Paper))>
            </ForwardRef(Card)>
          </WithStyles(ForwardRef(Card))>
        </Link>
      </div>
    </ForwardRef(Grid)>
  </WithStyles(ForwardRef(Grid))>
  <WithStyles(ForwardRef(Grid))
    item={true}
    key="elegant-handbag"
    xs={3}
  >
    <ForwardRef(Grid)
      classes={
        Object {
          "align-content-xs-center": "MuiGrid-align-content-xs-center",
          "align-content-xs-flex-end": "MuiGrid-align-content-xs-flex-end",
          "align-content-xs-flex-start": "MuiGrid-align-content-xs-flex-start",
          "align-content-xs-space-around": "MuiGrid-align-content-xs-space-around",
          "align-content-xs-space-between": "MuiGrid-align-content-xs-space-between",
          "align-items-xs-baseline": "MuiGrid-align-items-xs-baseline",
          "align-items-xs-center": "MuiGrid-align-items-xs-center",
          "align-items-xs-flex-end": "MuiGrid-align-items-xs-flex-end",
          "align-items-xs-flex-start": "MuiGrid-align-items-xs-flex-start",
          "container": "MuiGrid-container",
          "direction-xs-column": "MuiGrid-direction-xs-column",
          "direction-xs-column-reverse": "MuiGrid-direction-xs-column-reverse",
          "direction-xs-row-reverse": "MuiGrid-direction-xs-row-reverse",
          "grid-lg-1": "MuiGrid-grid-lg-1",
          "grid-lg-10": "MuiGrid-grid-lg-10",
          "grid-lg-11": "MuiGrid-grid-lg-11",
          "grid-lg-12": "MuiGrid-grid-lg-12",
          "grid-lg-2": "MuiGrid-grid-lg-2",
          "grid-lg-3": "MuiGrid-grid-lg-3",
          "grid-lg-4": "MuiGrid-grid-lg-4",
          "grid-lg-5": "MuiGrid-grid-lg-5",
          "grid-lg-6": "MuiGrid-grid-lg-6",
          "grid-lg-7": "MuiGrid-grid-lg-7",
          "grid-lg-8": "MuiGrid-grid-lg-8",
          "grid-lg-9": "MuiGrid-grid-lg-9",
          "grid-lg-auto": "MuiGrid-grid-lg-auto",
          "grid-lg-true": "MuiGrid-grid-lg-true",
          "grid-md-1": "MuiGrid-grid-md-1",
          "grid-md-10": "MuiGrid-grid-md-10",
          "grid-md-11": "MuiGrid-grid-md-11",
          "grid-md-12": "MuiGrid-grid-md-12",
          "grid-md-2": "MuiGrid-grid-md-2",
          "grid-md-3": "MuiGrid-grid-md-3",
          "grid-md-4": "MuiGrid-grid-md-4",
          "grid-md-5": "MuiGrid-grid-md-5",
          "grid-md-6": "MuiGrid-grid-md-6",
          "grid-md-7": "MuiGrid-grid-md-7",
          "grid-md-8": "MuiGrid-grid-md-8",
          "grid-md-9": "MuiGrid-grid-md-9",
          "grid-md-auto": "MuiGrid-grid-md-auto",
          "grid-md-true": "MuiGrid-grid-md-true",
          "grid-sm-1": "MuiGrid-grid-sm-1",
          "grid-sm-10": "MuiGrid-grid-sm-10",
          "grid-sm-11": "MuiGrid-grid-sm-11",
          "grid-sm-12": "MuiGrid-grid-sm-12",
          "grid-sm-2": "MuiGrid-grid-sm-2",
          "grid-sm-3": "MuiGrid-grid-sm-3",
          "grid-sm-4": "MuiGrid-grid-sm-4",
          "grid-sm-5": "MuiGrid-grid-sm-5",
          "grid-sm-6": "MuiGrid-grid-sm-6",
          "grid-sm-7": "MuiGrid-grid-sm-7",
          "grid-sm-8": "MuiGrid-grid-sm-8",
          "grid-sm-9": "MuiGrid-grid-sm-9",
          "grid-sm-auto": "MuiGrid-grid-sm-auto",
          "grid-sm-true": "MuiGrid-grid-sm-true",
          "grid-xl-1": "MuiGrid-grid-xl-1",
          "grid-xl-10": "MuiGrid-grid-xl-10",
          "grid-xl-11": "MuiGrid-grid-xl-11",
          "grid-xl-12": "MuiGrid-grid-xl-12",
          "grid-xl-2": "MuiGrid-grid-xl-2",
          "grid-xl-3": "MuiGrid-grid-xl-3",
          "grid-xl-4": "MuiGrid-grid-xl-4",
          "grid-xl-5": "MuiGrid-grid-xl-5",
          "grid-xl-6": "MuiGrid-grid-xl-6",
          "grid-xl-7": "MuiGrid-grid-xl-7",
          "grid-xl-8": "MuiGrid-grid-xl-8",
          "grid-xl-9": "MuiGrid-grid-xl-9",
          "grid-xl-auto": "MuiGrid-grid-xl-auto",
          "grid-xl-true": "MuiGrid-grid-xl-true",
          "grid-xs-1": "MuiGrid-grid-xs-1",
          "grid-xs-10": "MuiGrid-grid-xs-10",
          "grid-xs-11": "MuiGrid-grid-xs-11",
          "grid-xs-12": "MuiGrid-grid-xs-12",
          "grid-xs-2": "MuiGrid-grid-xs-2",
          "grid-xs-3": "MuiGrid-grid-xs-3",
          "grid-xs-4": "MuiGrid-grid-xs-4",
          "grid-xs-5": "MuiGrid-grid-xs-5",
          "grid-xs-6": "MuiGrid-grid-xs-6",
          "grid-xs-7": "MuiGrid-grid-xs-7",
          "grid-xs-8": "MuiGrid-grid-xs-8",
          "grid-xs-9": "MuiGrid-grid-xs-9",
          "grid-xs-auto": "MuiGrid-grid-xs-auto",
          "grid-xs-true": "MuiGrid-grid-xs-true",
          "item": "MuiGrid-item",
          "justify-xs-center": "MuiGrid-justify-xs-center",
          "justify-xs-flex-end": "MuiGrid-justify-xs-flex-end",
          "justify-xs-space-around": "MuiGrid-justify-xs-space-around",
          "justify-xs-space-between": "MuiGrid-justify-xs-space-between",
          "justify-xs-space-evenly": "MuiGrid-justify-xs-space-evenly",
          "root": "MuiGrid-root",
          "spacing-xs-1": "MuiGrid-spacing-xs-1",
          "spacing-xs-10": "MuiGrid-spacing-xs-10",
          "spacing-xs-2": "MuiGrid-spacing-xs-2",
          "spacing-xs-3": "MuiGrid-spacing-xs-3",
          "spacing-xs-4": "MuiGrid-spacing-xs-4",
          "spacing-xs-5": "MuiGrid-spacing-xs-5",
          "spacing-xs-6": "MuiGrid-spacing-xs-6",
          "spacing-xs-7": "MuiGrid-spacing-xs-7",
          "spacing-xs-8": "MuiGrid-spacing-xs-8",
          "spacing-xs-9": "MuiGrid-spacing-xs-9",
          "wrap-xs-nowrap": "MuiGrid-wrap-xs-nowrap",
          "wrap-xs-wrap-reverse": "MuiGrid-wrap-xs-wrap-reverse",
          "zeroMinWidth": "MuiGrid-zeroMinWidth",
        }
      }
      item={true}
      xs={3}
    >
      <div
        className="MuiGrid-root MuiGrid-item MuiGrid-grid-xs-3"
      >
        <Link
          href="products/elegant-handbag"
        >
          <WithStyles(ForwardRef(Card))
            onClick={[Function]}
            onMouseEnter={[Function]}
          >
            <ForwardRef(Card)
              classes={
                Object {
                  "root": "MuiCard-root",
                }
              }
              onClick={[Function]}
              onMouseEnter={[Function]}
            >
              <WithStyles(ForwardRef(Paper))
                className="MuiCard-root"
                elevation={1}
                onClick={[Function]}
                onMouseEnter={[Function]}
              >
                <ForwardRef(Paper)
                  className="MuiCard-root"
                  classes={
                    Object {
                      "elevation0": "MuiPaper-elevation0",
                      "elevation1": "MuiPaper-elevation1",
                      "elevation10": "MuiPaper-elevation10",
                      "elevation11": "MuiPaper-elevation11",
                      "elevation12": "MuiPaper-elevation12",
                      "elevation13": "MuiPaper-elevation13",
                      "elevation14": "MuiPaper-elevation14",
                      "elevation15": "MuiPaper-elevation15",
                      "elevation16": "MuiPaper-elevation16",
                      "elevation17": "MuiPaper-elevation17",
                      "elevation18": "MuiPaper-elevation18",
                      "elevation19": "MuiPaper-elevation19",
                      "elevation2": "MuiPaper-elevation2",
                      "elevation20": "MuiPaper-elevation20",
                      "elevation21": "MuiPaper-elevation21",
                      "elevation22": "MuiPaper-elevation22",
                      "elevation23": "MuiPaper-elevation23",
                      "elevation24": "MuiPaper-elevation24",
                      "elevation3": "MuiPaper-elevation3",
                      "elevation4": "MuiPaper-elevation4",
                      "elevation5": "MuiPaper-elevation5",
                      "elevation6": "MuiPaper-elevation6",
                      "elevation7": "MuiPaper-elevation7",
                      "elevation8": "MuiPaper-elevation8",
                      "elevation9": "MuiPaper-elevation9",
                      "outlined": "MuiPaper-outlined",
                      "root": "MuiPaper-root",
                      "rounded": "MuiPaper-rounded",
                    }
                  }
                  elevation={1}
                  onClick={[Function]}
                  onMouseEnter={[Function]}
                >
                  <div
                    className="MuiPaper-root MuiCard-root MuiPaper-elevation1 MuiPaper-rounded"
                    onClick={[Function]}
                    onMouseEnter={[Function]}
                  >
                    <WithStyles(ForwardRef(CardActionArea))>
                      <ForwardRef(CardActionArea)
                        classes={
                          Object {
                            "focusHighlight": "MuiCardActionArea-focusHighlight",
                            "focusVisible": "Mui-focusVisible",
                            "root": "MuiCardActionArea-root",
                          }
                        }
                      >
                        <WithStyles(ForwardRef(ButtonBase))
                          className="MuiCardActionArea-root"
                          focusVisibleClassName="Mui-focusVisible"
                        >
                          <ForwardRef(ButtonBase)
                            className="MuiCardActionArea-root"
                            classes={
                              Object {
                                "disabled": "Mui-disabled",
                                "focusVisible": "Mui-focusVisible",
                                "root": "MuiButtonBase-root",
                              }
                            }
                            focusVisibleClassName="Mui-focusVisible"
                          >
                            <button
                              className="MuiButtonBase-root MuiCardActionArea-root"
                              disabled={false}
                              onBlur={[Function]}
                              onDragLeave={[Function]}
                              onFocus={[Function]}
                              onKeyDown={[Function]}
                              onKeyUp={[Function]}
                              onMouseDown={[Function]}
                              onMouseLeave={[Function]}
                              onMouseUp={[Function]}
                              onTouchEnd={[Function]}
                              onTouchMove={[Function]}
                              onTouchStart={[Function]}
                              tabIndex={0}
                              type="button"
                            >
                              <WithStyles(ForwardRef(CardMedia))
                                alt="Elegant handbag"
                                component="img"
                                image="/woman-wearing-pink-overcoat-and-black-inner-top-2043590.jpg"
                                title="Elegant handbag"
                              >
                                <ForwardRef(CardMedia)
                                  alt="Elegant handbag"
                                  classes={
                                    Object {
                                      "img": "MuiCardMedia-img",
                                      "media": "MuiCardMedia-media",
                                      "root": "MuiCardMedia-root",
                                    }
                                  }
                                  component="img"
                                  image="/woman-wearing-pink-overcoat-and-black-inner-top-2043590.jpg"
                                  title="Elegant handbag"
                                >
                                  <img
                                    alt="Elegant handbag"
                                    className="MuiCardMedia-root MuiCardMedia-media MuiCardMedia-img"
                                    src="/woman-wearing-pink-overcoat-and-black-inner-top-2043590.jpg"
                                    title="Elegant handbag"
                                  />
                                </ForwardRef(CardMedia)>
                              </WithStyles(ForwardRef(CardMedia))>
                              <WithStyles(ForwardRef(CardContent))>
                                <ForwardRef(CardContent)
                                  classes={
                                    Object {
                                      "root": "MuiCardContent-root",
                                    }
                                  }
                                >
                                  <div
                                    className="MuiCardContent-root"
                                  >
                                    <WithStyles(ForwardRef(Typography))
                                      component="h2"
                                      gutterBottom={true}
                                      variant="h5"
                                    >
                                      <ForwardRef(Typography)
                                        classes={
                                          Object {
                                            "alignCenter": "MuiTypography-alignCenter",
                                            "alignJustify": "MuiTypography-alignJustify",
                                            "alignLeft": "MuiTypography-alignLeft",
                                            "alignRight": "MuiTypography-alignRight",
                                            "body1": "MuiTypography-body1",
                                            "body2": "MuiTypography-body2",
                                            "button": "MuiTypography-button",
                                            "caption": "MuiTypography-caption",
                                            "colorError": "MuiTypography-colorError",
                                            "colorInherit": "MuiTypography-colorInherit",
                                            "colorPrimary": "MuiTypography-colorPrimary",
                                            "colorSecondary": "MuiTypography-colorSecondary",
                                            "colorTextPrimary": "MuiTypography-colorTextPrimary",
                                            "colorTextSecondary": "MuiTypography-colorTextSecondary",
                                            "displayBlock": "MuiTypography-displayBlock",
                                            "displayInline": "MuiTypography-displayInline",
                                            "gutterBottom": "MuiTypography-gutterBottom",
                                            "h1": "MuiTypography-h1",
                                            "h2": "MuiTypography-h2",
                                            "h3": "MuiTypography-h3",
                                            "h4": "MuiTypography-h4",
                                            "h5": "MuiTypography-h5",
                                            "h6": "MuiTypography-h6",
                                            "noWrap": "MuiTypography-noWrap",
                                            "overline": "MuiTypography-overline",
                                            "paragraph": "MuiTypography-paragraph",
                                            "root": "MuiTypography-root",
                                            "srOnly": "MuiTypography-srOnly",
                                            "subtitle1": "MuiTypography-subtitle1",
                                            "subtitle2": "MuiTypography-subtitle2",
                                          }
                                        }
                                        component="h2"
                                        gutterBottom={true}
                                        variant="h5"
                                      >
                                        <h2
                                          className="MuiTypography-root MuiTypography-h5 MuiTypography-gutterBottom"
                                        >
                                          Elegant handbag
                                        </h2>
                                      </ForwardRef(Typography)>
                                    </WithStyles(ForwardRef(Typography))>
                                  </div>
                                </ForwardRef(CardContent)>
                              </WithStyles(ForwardRef(CardContent))>
                              <span
                                className="MuiCardActionArea-focusHighlight"
                              />
                              <WithStyles(memo)
                                center={false}
                              >
                                <ForwardRef(TouchRipple)
                                  center={false}
                                  classes={
                                    Object {
                                      "child": "MuiTouchRipple-child",
                                      "childLeaving": "MuiTouchRipple-childLeaving",
                                      "childPulsate": "MuiTouchRipple-childPulsate",
                                      "ripple": "MuiTouchRipple-ripple",
                                      "ripplePulsate": "MuiTouchRipple-ripplePulsate",
                                      "rippleVisible": "MuiTouchRipple-rippleVisible",
                                      "root": "MuiTouchRipple-root",
                                    }
                                  }
                                >
                                  <span
                                    className="MuiTouchRipple-root"
                                  >
                                    <TransitionGroup
                                      childFactory={[Function]}
                                      component={null}
                                      exit={true}
                                    />
                                  </span>
                                </ForwardRef(TouchRipple)>
                              </WithStyles(memo)>
                            </button>
                          </ForwardRef(ButtonBase)>
                        </WithStyles(ForwardRef(ButtonBase))>
                      </ForwardRef(CardActionArea)>
                    </WithStyles(ForwardRef(CardActionArea))>
                  </div>
                </ForwardRef(Paper)>
              </WithStyles(ForwardRef(Paper))>
            </ForwardRef(Card)>
          </WithStyles(ForwardRef(Card))>
        </Link>
      </div>
    </ForwardRef(Grid)>
  </WithStyles(ForwardRef(Grid))>
</RecentViewed>
`;
